// Jest Snapshot v1, https://goo.gl/fbAQLP

exports[`render shallow 1`] = `
<div>
  <h1>
    Header
  </h1>
  <NavLink
    activeClassName="is-active"
    to="/"
  >
    DashBoard
  </NavLink>
  <NavLink
    activeClassName="is-active"
    to="/editExpense"
  >
    Edit Expense
  </NavLink>
  <NavLink
    activeClassName="is-active"
    to="/addExpense"
  >
    Add Expense
  </NavLink>
  <NavLink
    activeClassName="is-active"
    to="/help"
  >
    Help
  </NavLink>
</div>
`;
